---
source: src/ui/mod.rs
expression: "snapshot.join(\"\\n\")"
---
│▌   src/                        │  src                                         
│    a-rather-long-file-name… 0 B│ 2 items · just now · drwxr-xr-x               
│   󰈙 notes.txt                5 B│     lib.rs                                0 B
│                                 │     main.rs                              13 B
│                                 │                                               
│                                 │                                               
 ? for keys                                                                                  1 of 3
